[www.wowmomosfranchise.com/index.html]
[backblue.gif]
[fade.gif]
[index.html]
[www.wowmomosfranchise.com/assets/front/images/favcon.png]
[www.wowmomosfranchise.com/assets/front/css/style.css]
[www.wowmomosfranchise.com/assets/front/css/responsive.css]
[www.wowmomosfranchise.com/assets/front/css/bootstrap.min.css]
[www.wowmomosfranchise.com/font-awesome/4.7.0/css/font-awesome.min.css]
[www.wowmomosfranchise.com/assets/front/css/owl.carousel.min.css]
[www.wowmomosfranchise.com/assets/front/css/magnific-popup.css]
[www.wowmomosfranchise.com/assets/front/images/logo.png]
[www.wowmomosfranchise.com/status.html]
[www.wowmomosfranchise.com/apply-now.html]
[www.wowmomosfranchise.com/assets/front/images/slider-11.jpg]
[www.wowmomosfranchise.com/assets/front/images/slider-01.jpg]
[www.wowmomosfranchise.com/assets/front/images/slider-12.jpg]
[www.wowmomosfranchise.com/assets/front/images/slider-02.jpg]
[www.wowmomosfranchise.com/assets/front/images/mini-0.jpg]
[www.wowmomosfranchise.com/assets/front/images/mini-2.jpg]
[www.wowmomosfranchise.com/assets/front/images/mini-1.jpg]
[www.wowmomosfranchise.com/assets/front/images/Flexible-Business.png]
[www.wowmomosfranchise.com/assets/front/images/Formalities.png]
[www.wowmomosfranchise.com/assets/front/images/KNOW-HOW-TO-PARTNER-ICONS-8.png]
[www.wowmomosfranchise.com/assets/front/images/KNOW-HOW-TO-PARTNER-ICONS-7.png]
[www.wowmomosfranchise.com/assets/front/images/mini-3.jpg]
[www.wowmomosfranchise.com/return-policy.html]
[www.wowmomosfranchise.com/privacy-policy.html]
[www.wowmomosfranchise.com/term-conditions.html]
[www.wowmomosfranchise.com/cdn-cgi/scripts/5c5dd728/cloudflare-static/email-decode.min.js]
[www.wowmomosfranchise.com/assets/front/js/jquery-3.3.1.min.js]
[www.wowmomosfranchise.com/assets/front/images/pics.jpg]
[www.wowmomosfranchise.com/assets/front/js/bootstrap.min.js]
[www.wowmomosfranchise.com/assets/front/js/magnific-popup.js]
[www.wowmomosfranchise.com/assets/front/js/modal.js]
[www.wowmomosfranchise.com/assets/front/js/wow.min.js]
[www.wowmomosfranchise.com/assets/front/js/owl.carousel.min.js]
[www.wowmomosfranchise.com/assets/front/js/custom.js]
[www.wowmomosfranchise.com/assets/validation/jquery.validate.js]
[www.wowmomosfranchise.com/index.html]
[www.wowmomosfranchise.com/assets/validation/validate.js]
[www.wowmomosfranchise.com/gtag/gtm.js]
[www.google-analytics.com/analytics.js]
[www.wowmomosfranchise.com/gtag/ec.js]
[www.wowmomosfranchise.com/analytics.js]
[www.wowmomosfranchise.com/gtag/recaptcha.js]
[www.wowmomosfranchise.com/gtag/linkid.js]
[cct.google/taggy/agent.js]
[www.wowmomosfranchise.com/gtag/js977f.html]
[www.wowmomosfranchise.com/assets/front/images/slider-03.jpg]
[www.wowmomosfranchise.com/assets/front/images/bg-pics.jpg]
[www.wowmomosfranchise.com/assets/front/css/style.css]
[www.wowmomosfranchise.com/assets/front/css/responsive.css]
[www.wowmomosfranchise.com/assets/front/css/bootstrap.min.css]
[www.wowmomosfranchise.com/font-awesome/4.7.0/fonts/fontawesome-webfont.eot]
[www.wowmomosfranchise.com/font-awesome/4.7.0/fonts/fontawesome-webfont-1.eot]
[www.wowmomosfranchise.com/font-awesome/4.7.0/fonts/fontawesome-webfont.woff2]
[www.wowmomosfranchise.com/font-awesome/4.7.0/fonts/fontawesome-webfont.woff]
[www.wowmomosfranchise.com/font-awesome/4.7.0/css/font-awesome.min.css]
[www.wowmomosfranchise.com/font-awesome/4.7.0/fonts/fontawesome-webfont.ttf]
[www.wowmomosfranchise.com/assets/front/css/images/owl.video.play.png]
[www.wowmomosfranchise.com/assets/front/css/owl.carousel.min.css]
[www.wowmomosfranchise.com/assets/front/css/magnific-popup.css]
[www.wowmomosfranchise.com/css2b210.html]
[www.wowmomosfranchise.com/font-awesome/4.7.0/fonts/fontawesome-webfont.svg]
[www.wowmomosfranchise.com/cdn-cgi/l/email-protection.html]
[www.wowmomosfranchise.com/return-policy]
[www.wowmomosfranchise.com/privacy-policy]
[www.wowmomosfranchise.com/term-conditions]
[www.wowmomosfranchise.com/status.html]
[www.wowmomosfranchise.com/apply-now.html]
[www.wowmomosfranchise.com/html]
[www.wowmomosfranchise.com/return-policy.html]
[www.wowmomosfranchise.com/privacy-policy.html]
[www.wowmomosfranchise.com/index-2.html]
[www.wowmomosfranchise.com/term-conditions.html]
[www.wowmomosfranchise.com/gtag/gtm.html]
[www.wowmomosfranchise.com/gtag/ec.html]
[www.wowmomosfranchise.com/analytics.html]
[www.wowmomosfranchise.com/gtag/recaptcha.html]
[www.wowmomosfranchise.com/gtag/linkid.html]
[www.wowmomosfranchise.com/font-awesome/4.7.0/fonts/fontawesome-webfont.svg]
[www.wowmomosfranchise.com/assets/front/css/images/owl.video.play.html]
[www.wowmomosfranchise.com/cdn-cgi/l/email-protection.html]
[www.wowmomosfranchise.com/return-policy-2.html]
[www.wowmomosfranchise.com/privacy-policy-2.html]
[www.wowmomosfranchise.com/term-conditions-2.html]
[www.wowmomosfranchise.com/html.html]
[www.wowmomosfranchise.com/index-2.html]
[www.wowmomofranchise.net/assets/front/images/favcon.png]
[www.wowmomofranchise.net/assets/front/css/style.css]
[www.wowmomofranchise.net/assets/front/css/responsive.css]
[www.wowmomofranchise.net/assets/front/css/bootstrap.min.css]
[www.wowmomofranchise.net/assets/front/css/owl.carousel.min.css]
[www.wowmomofranchise.net/assets/front/css/magnific-popup.css]
[www.wowmomofranchise.net/assets/front/images/logo.png]
[www.wowmomofranchise.net/assets/front/js/jquery-3.3.1.min.js]
[www.wowmomofranchise.net/assets/front/js/bootstrap.min.js]
[www.wowmomofranchise.net/assets/front/js/magnific-popup.js]
[www.wowmomofranchise.net/assets/front/js/modal.js]
[www.wowmomofranchise.net/assets/front/js/wow.min.js]
[www.wowmomofranchise.net/assets/front/js/owl.carousel.min.js]
[www.wowmomofranchise.net/assets/front/js/custom.js]
[www.wowmomofranchise.net/assets/validation/jquery.validate.js]
[www.wowmomofranchise.net/assets/validation/validate.js]
